// Jest Snapshot v1, https://goo.gl/fbAQLP

exports[`Country Change Button  1`] = `<div />`;

exports[`Validate Country Flag 1`] = `<div />`;
