// Jest Snapshot v1, https://goo.gl/fbAQLP

exports[`Country Change Button  1`] = `
<h1>
  Hello, 
</h1>
`;
